// Jest Snapshot v1, https://goo.gl/fbAQLP

exports[`Landing components should render as expected 1`] = `
<div>
  <h1>
    Landing Page
  </h1>
</div>
`;
